Archive member included because of file (symbol)

contiki-redbee-econotag.a(rimeaddr.o)
                              obj_redbee-econotag/contiki-mc1322x-main.o (rimeaddr_copy)
contiki-redbee-econotag.a(nullmac.o)
                              obj_redbee-econotag/contiki-mc1322x-main.o (nullmac_driver)
contiki-redbee-econotag.a(nullrdc.o)
                              obj_redbee-econotag/contiki-mc1322x-main.o (nullrdc_driver)
contiki-redbee-econotag.a(mac.o)
                              contiki-redbee-econotag.a(nullrdc.o) (mac_call_sent_callback)
contiki-redbee-econotag.a(framer-802154.o)
                              contiki-redbee-econotag.a(nullrdc.o) (framer_802154)
contiki-redbee-econotag.a(process.o)
                              obj_redbee-econotag/contiki-mc1322x-main.o (process_init)
contiki-redbee-econotag.a(autostart.o)
                              obj_redbee-econotag/contiki-mc1322x-main.o (autostart_start)
contiki-redbee-econotag.a(serial-line.o)
                              th-12.co (serial_line_init)
contiki-redbee-econotag.a(etimer.o)
                              obj_redbee-econotag/sen.o (etimer_expired)
contiki-redbee-econotag.a(ctimer.o)
                              obj_redbee-econotag/contiki-mc1322x-main.o (ctimer_init)
contiki-redbee-econotag.a(random.o)
                              contiki-redbee-econotag.a(framer-802154.o) (random_rand)
contiki-redbee-econotag.a(ringbuf.o)
                              contiki-redbee-econotag.a(serial-line.o) (ringbuf_init)
contiki-redbee-econotag.a(packetbuf.o)
                              contiki-redbee-econotag.a(framer-802154.o) (packetbuf_hdrreduce)
contiki-redbee-econotag.a(queuebuf.o)
                              contiki-redbee-econotag.a(nullrdc.o) (queuebuf_to_packetbuf)
contiki-redbee-econotag.a(uip6.o)
                              obj_redbee-econotag/contiki-mc1322x-main.o (uip_lladdr)
contiki-redbee-econotag.a(tcpip.o)
                              contiki-redbee-econotag.a(uip6.o) (tcpip_uipcall)
contiki-redbee-econotag.a(uip-icmp6.o)
                              contiki-redbee-econotag.a(uip6.o) (uip_icmp6_echo_request_input)
contiki-redbee-econotag.a(uip-nd6.o)
                              contiki-redbee-econotag.a(uip6.o) (uip_nd6_na_input)
contiki-redbee-econotag.a(sicslowpan.o)
                              obj_redbee-econotag/contiki-mc1322x-main.o (sicslowpan_driver)
contiki-redbee-econotag.a(neighbor-info.o)
                              contiki-redbee-econotag.a(sicslowpan.o) (neighbor_info_packet_received)
contiki-redbee-econotag.a(uip-ds6.o)
                              contiki-redbee-econotag.a(uip-nd6.o) (uip_ds6_defrt_rm)
contiki-redbee-econotag.a(serial-shell.o)
                              th-12.co (serial_shell_init)
contiki-redbee-econotag.a(shell.o)
                              contiki-redbee-econotag.a(serial-shell.o) (shell_input)
contiki-redbee-econotag.a(clock.o)
                              contiki-redbee-econotag.a(etimer.o) (clock_time)
contiki-redbee-econotag.a(button-sensor.o)
                              obj_redbee-econotag/contiki-mc1322x-main.o (button_sensor)
contiki-redbee-econotag.a(sensors.o)
                              contiki-redbee-econotag.a(button-sensor.o) (sensors_changed)
contiki-redbee-econotag.a(watchdog.o)
                              contiki-redbee-econotag.a(sicslowpan.o) (watchdog_periodic)
contiki-redbee-econotag.a(contiki-crm.o)
                              obj_redbee-econotag/contiki-mc1322x-main.o (cal_ring_osc)
contiki-redbee-econotag.a(contiki-maca.o)
                              contiki-redbee-econotag.a(nullrdc.o) (contiki_maca_driver)
contiki-redbee-econotag.a(contiki-misc.o)
                              contiki-redbee-econotag.a(random.o) (srand)
contiki-redbee-econotag.a(leds.o)
                              obj_redbee-econotag/contiki-mc1322x-main.o (leds_init)
contiki-redbee-econotag.a(contiki-uart.o)
                              th-12.co (uart1_set_input)
contiki-redbee-econotag.a(dbg-printf.o)
                              obj_redbee-econotag/shell-th-12.o (printf)
contiki-redbee-econotag.a(strformat.o)
                              contiki-redbee-econotag.a(dbg-printf.o) (format_str_v)
contiki-redbee-econotag.a(adc.o)
                              contiki-redbee-econotag.a(clock.o) (adc_service)
contiki-redbee-econotag.a(gpio-util.o)
                              contiki-redbee-econotag.a(adc.o) (gpio_select_function)
contiki-redbee-econotag.a(maca.o)
                              contiki-redbee-econotag.a(contiki-maca.o) (free_packet)
contiki-redbee-econotag.a(nvm.o)
                              obj_redbee-econotag/contiki-mc1322x-main.o (nvm_detect)
contiki-redbee-econotag.a(uart1.o)
                              obj_redbee-econotag/contiki-mc1322x-main.o (uart1_getc)
contiki-redbee-econotag.a(default_lowleve)
                              obj_redbee-econotag/contiki-mc1322x-main.o (uart1_init)
contiki-redbee-econotag.a(isr.o)
[...]
Memory Configuration

Name             Origin             Length             Attributes
ram              0x00400000         0x00018000         xrw
*default*        0x00000000         0xffffffff

Linker script and memory map

LOAD th-12.co
LOAD obj_redbee-econotag/shell-th-12.o
LOAD obj_redbee-econotag/sen.o
LOAD obj_redbee-econotag/contiki-mc1322x-main.o
LOAD obj_redbee-econotag/start.o
LOAD contiki-redbee-econotag.a
LOAD contiki-redbee-econotag.a
START GROUP
LOAD /home/muffin/redwire/arm-2008q3/bin/../lib/gcc/arm-none-eabi/4.3.2/libgcc.a
LOAD /home/muffin/redwire/arm-2008q3/bin/../lib/gcc/arm-none-eabi/4.3.2/../../../../arm-none-eabi/lib/libc.a
END GROUP
                0x00000400                SYS_STACK_SIZE = 0x400
                0x00000100                IRQ_STACK_SIZE = 0x100
                0x00000100                FIQ_STACK_SIZE = 0x100
                0x00000100                SVC_STACK_SIZE = 0x100
                0x00000010                ABT_STACK_SIZE = 0x10
                0x00000010                UND_STACK_SIZE = 0x10
                0x00001000                HEAP_SIZE = 0x1000
                0x00400000                PROVIDE (__executable_start, 0x400000)
                0x00400000                . = 0x400000

.text           0x00400000     0xc74c
 *(.start)
 .start         0x00400000      0x8b4 obj_redbee-econotag/start.o
                0x00400890                _bss_start
                0x00400894                _bss_end
                0x00400000                _start
 *(.irq)
 .irq           0x004008b4      0x1e8 contiki-redbee-econotag.a(isr.o)
                0x004008b4                irq
 *(.text .stub .text.* .gnu.linkonce.t.*)
 .text.process_thread_th_12
                0x00400a9c       0x50 th-12.co
 .text.process_thread_shell_info_process
                0x00400aec       0x54 obj_redbee-econotag/shell-th-12.o
 .text.shell_th12_init
                0x00400b40       0x1c obj_redbee-econotag/shell-th-12.o
                0x00400b40                shell_th12_init
                0x00400b48                .real_start_ofshell_th12_init
 .text.tmr1_isr
                0x00400b5c      0x124 obj_redbee-econotag/sen.o
                0x00400b5c                tmr1_isr
                0x00400b64                .real_start_oftmr1_isr
 .text.foo      0x00400c80       0xa4 obj_redbee-econotag/sen.o
                0x00400c88                .real_start_offoo
                0x00400c80                foo
 .text.process_thread_sen_process
                0x00400d24      0x1b0 obj_redbee-econotag/sen.o
 .text.sen_init
                0x00400ed4       0x50 obj_redbee-econotag/sen.o
                0x00400ed4                sen_init
                0x00400edc                .real_start_ofsen_init
 .text.iab_to_eui64
                0x00400f24       0x30 obj_redbee-econotag/contiki-mc1322x-main.o
                0x00400f2c                .real_start_ofiab_to_eui64
                0x00400f24                iab_to_eui64
 .text.set_rimeaddr
                0x00400f54       0xd8 obj_redbee-econotag/contiki-mc1322x-main.o
                0x00400f54                set_rimeaddr
                0x00400f5c                .real_start_ofset_rimeaddr
 .text.init_lowlevel
                0x0040102c       0xdc obj_redbee-econotag/contiki-mc1322x-main.o
                0x0040102c                init_lowlevel
                0x00401034                .real_start_ofinit_lowlevel
 .text.main     0x00401108      0x298 obj_redbee-econotag/contiki-mc1322x-main.o
                0x00401110                .real_start_ofmain
                0x00401108                main
 .text.rimeaddr_copy
                0x004013a0       0x1c contiki-redbee-econotag.a(rimeaddr.o)
                0x004013a0                rimeaddr_copy
                0x004013a8                .real_start_ofrimeaddr_copy
 .text.rimeaddr_cmp
                0x004013bc       0x2c contiki-redbee-econotag.a(rimeaddr.o)
                0x004013c4                .real_start_ofrimeaddr_cmp
                0x004013bc                rimeaddr_cmp
 .text.rimeaddr_set_node_addr
                0x004013e8       0x1c contiki-redbee-econotag.a(rimeaddr.o)
                0x004013e8                rimeaddr_set_node_addr
                0x004013f0                .real_start_ofrimeaddr_set_node_addr
 .text.send_packet
                0x00401404       0x18 contiki-redbee-econotag.a(nullmac.o)
 .text.packet_input
                0x0040141c       0x18 contiki-redbee-econotag.a(nullmac.o)
 .text.on       0x00401434       0x18 contiki-redbee-econotag.a(nullmac.o)
 .text.off      0x0040144c       0x18 contiki-redbee-econotag.a(nullmac.o)
 .text.channel_check_interval
                0x00401464        0x4 contiki-redbee-econotag.a(nullmac.o)
 .text.init     0x00401468        0x4 contiki-redbee-econotag.a(nullmac.o)
 .text.packetbuf_addr
                0x0040146c       0x10 contiki-redbee-econotag.a(nullrdc.o)
 .text.on       0x0040147c       0x18 contiki-redbee-econotag.a(nullrdc.o)
 .text.off      0x00401494       0x20 contiki-redbee-econotag.a(nullrdc.o)
 .text.channel_check_interval
                0x004014b4        0x4 contiki-redbee-econotag.a(nullrdc.o)
 .text.init     0x004014b8        0xc contiki-redbee-econotag.a(nullrdc.o)
 .text.packet_input
                0x004014c4       0xbc contiki-redbee-econotag.a(nullrdc.o)
 .text.send_packet
                0x00401580       0x80 contiki-redbee-econotag.a(nullrdc.o)
 .text.send_list
                0x00401600       0x20 contiki-redbee-econotag.a(nullrdc.o)
 .text.mac_call_sent_callback
                0x00401620       0x24 contiki-redbee-econotag.a(mac.o)
                0x00401628                .real_start_ofmac_call_sent_callback
                0x00401620                mac_call_sent_callback
 .text.packetbuf_set_attr
                0x00401644       0x10 contiki-redbee-econotag.a(framer-802154.o)
 .text.packetbuf_addr
                0x00401654       0x10 contiki-redbee-econotag.a(framer-802154.o)
 .text.packetbuf_set_addr
                0x00401664       0x1c contiki-redbee-econotag.a(framer-802154.o)
 .text.parse    0x00401680       0xa0 contiki-redbee-econotag.a(framer-802154.o)
 .text.create   0x00401720      0x10c contiki-redbee-econotag.a(framer-802154.o)
 .text.process_alloc_event
                0x0040182c       0x18 contiki-redbee-econotag.a(process.o)
                0x00401834                .real_start_ofprocess_alloc_event
                0x0040182c                process_alloc_event
 .text.process_init
                0x00401844       0x40 contiki-redbee-econotag.a(process.o)
                0x00401844                process_init
                0x0040184c                .real_start_ofprocess_init
 .text.process_post
                0x00401884       0x68 contiki-redbee-econotag.a(process.o)
                0x00401884                process_post
                0x0040188c                .real_start_ofprocess_post
 .text.process_poll
                0x004018ec       0x2c contiki-redbee-econotag.a(process.o)
                0x004018ec                process_poll
                0x004018f4                .real_start_ofprocess_poll
 .text.process_is_running
                0x00401918       0x10 contiki-redbee-econotag.a(process.o)
                0x00401918                process_is_running
                0x00401920                .real_start_ofprocess_is_running
 .text.exit_process
                0x00401928       0x98 contiki-redbee-econotag.a(process.o)
 .text.call_process
                0x004019c0       0x48 contiki-redbee-econotag.a(process.o)
 .text.process_post_synch
                0x00401a08       0x20 contiki-redbee-econotag.a(process.o)
                0x00401a10                .real_start_ofprocess_post_synch
                0x00401a08                process_post_synch
 .text.process_start
                0x00401a28       0x3c contiki-redbee-econotag.a(process.o)
                0x00401a30                .real_start_ofprocess_start
                0x00401a28                process_start
 .text.do_poll  0x00401a64       0x3c contiki-redbee-econotag.a(process.o)
 .text.process_run
                0x00401aa0       0xc8 contiki-redbee-econotag.a(process.o)
                0x00401aa8                .real_start_ofprocess_run
                0x00401aa0                process_run
 .text.process_exit
                0x00401b68       0x1c contiki-redbee-econotag.a(process.o)
                0x00401b70                .real_start_ofprocess_exit
                0x00401b68                process_exit
 .text.autostart_start
                0x00401b84       0x20 contiki-redbee-econotag.a(autostart.o)
                0x00401b8c                .real_start_ofautostart_start
                0x00401b84                autostart_start
 .text.process_thread_serial_line_process
                0x00401ba4       0xa0 contiki-redbee-econotag.a(serial-line.o)
 .text.serial_line_init
                0x00401c44       0x30 contiki-redbee-econotag.a(serial-line.o)
                0x00401c4c                .real_start_ofserial_line_init
                0x00401c44                serial_line_init
 .text.serial_line_input_byte
                0x00401c74       0x58 contiki-redbee-econotag.a(serial-line.o)
                0x00401c7c                .real_start_ofserial_line_input_byte
                0x00401c74                serial_line_input_byte
 .text.etimer_expired
                0x00401ccc       0x10 contiki-redbee-econotag.a(etimer.o)
                0x00401cd4                .real_start_ofetimer_expired
                0x00401ccc                etimer_expired
 .text.etimer_expiration_time
                0x00401cdc       0x14 contiki-redbee-econotag.a(etimer.o)
                0x00401ce4                .real_start_ofetimer_expiration_time
                0x00401cdc                etimer_expiration_time
 .text.etimer_pending
                0x00401cf0       0x18 contiki-redbee-econotag.a(etimer.o)
                0x00401cf0                etimer_pending
                0x00401cf8                .real_start_ofetimer_pending
 .text.etimer_next_expiration_time
                0x00401d08       0x20 contiki-redbee-econotag.a(etimer.o)
                0x00401d08                etimer_next_expiration_time
                0x00401d10                .real_start_ofetimer_next_expiration_time
 .text.update_time
                0x00401d28       0x4c contiki-redbee-econotag.a(etimer.o)
 .text.etimer_stop
                0x00401d74       0x44 contiki-redbee-econotag.a(etimer.o)
                0x00401d74                etimer_stop
                0x00401d7c                .real_start_ofetimer_stop
 .text.etimer_request_poll
                0x00401db8       0x1c contiki-redbee-econotag.a(etimer.o)
                0x00401dc0                .real_start_ofetimer_request_poll
                0x00401db8                etimer_request_poll
 .text.process_thread_etimer_process
                0x00401dd4       0xac contiki-redbee-econotag.a(etimer.o)
 .text.add_timer
                0x00401e80       0x40 contiki-redbee-econotag.a(etimer.o)
 .text.etimer_restart
                0x00401ec0       0x1c contiki-redbee-econotag.a(etimer.o)
                0x00401ec0                etimer_restart
                0x00401ec8                .real_start_ofetimer_restart
 .text.etimer_reset
                0x00401edc       0x1c contiki-redbee-econotag.a(etimer.o)
                0x00401edc                etimer_reset
                0x00401ee4                .real_start_ofetimer_reset
 .text.etimer_set
                0x00401ef8       0x1c contiki-redbee-econotag.a(etimer.o)
                0x00401ef8                etimer_set
                0x00401f00                .real_start_ofetimer_set
 .text.process_thread_ctimer_process
                0x00401f14       0x94 contiki-redbee-econotag.a(ctimer.o)
 .text.ctimer_stop
                0x00401fa8       0x38 contiki-redbee-econotag.a(ctimer.o)
                0x00401fb0                .real_start_ofctimer_stop
                0x00401fa8                ctimer_stop
 .text.ctimer_set
                0x00401fe0       0x5c contiki-redbee-econotag.a(ctimer.o)
                0x00401fe0                ctimer_set
                0x00401fe8                .real_start_ofctimer_set
 .text.ctimer_reset
                0x0040203c       0x4c contiki-redbee-econotag.a(ctimer.o)
                0x0040203c                ctimer_reset
                0x00402044                .real_start_ofctimer_reset
 .text.ctimer_init
                0x00402088       0x30 contiki-redbee-econotag.a(ctimer.o)
                0x00402090                .real_start_ofctimer_init
                0x00402088                ctimer_init
 .text.random_rand
                0x004020b8       0x18 contiki-redbee-econotag.a(random.o)
                0x004020b8                random_rand
                0x004020c0                .real_start_ofrandom_rand
 .text.ringbuf_init
                0x004020d0       0x18 contiki-redbee-econotag.a(ringbuf.o)
                0x004020d0                ringbuf_init
                0x004020d8                .real_start_ofringbuf_init
 .text.ringbuf_put
                0x004020e8       0x34 contiki-redbee-econotag.a(ringbuf.o)
                0x004020e8                ringbuf_put
                0x004020f0                .real_start_ofringbuf_put
 .text.ringbuf_get
                0x0040211c       0x30 contiki-redbee-econotag.a(ringbuf.o)
                0x0040211c                ringbuf_get
                0x00402124                .real_start_ofringbuf_get
 .text.packetbuf_hdrreduce
                0x0040214c       0x38 contiki-redbee-econotag.a(packetbuf.o)
                0x00402154                .real_start_ofpacketbuf_hdrreduce
                0x0040214c                packetbuf_hdrreduce
 .text.packetbuf_set_datalen
                0x00402184       0x14 contiki-redbee-econotag.a(packetbuf.o)
                0x00402184                packetbuf_set_datalen
                0x0040218c                .real_start_ofpacketbuf_set_datalen
 .text.packetbuf_dataptr
                0x00402198       0x20 contiki-redbee-econotag.a(packetbuf.o)
                0x004021a0                .real_start_ofpacketbuf_dataptr
                0x00402198                packetbuf_dataptr
 .text.packetbuf_hdrptr
                0x004021b8       0x1c contiki-redbee-econotag.a(packetbuf.o)
                0x004021b8                packetbuf_hdrptr
                0x004021c0                .real_start_ofpacketbuf_hdrptr
 .text.packetbuf_is_reference
                0x004021d4       0x24 contiki-redbee-econotag.a(packetbuf.o)
                0x004021d4                packetbuf_is_reference
                0x004021dc                .real_start_ofpacketbuf_is_reference
 .text.packetbuf_reference_ptr
                0x004021f8       0x14 contiki-redbee-econotag.a(packetbuf.o)
                0x004021f8                packetbuf_reference_ptr
                0x00402200                .real_start_ofpacketbuf_reference_ptr
 .text.packetbuf_datalen
                0x0040220c       0x14 contiki-redbee-econotag.a(packetbuf.o)
                0x0040220c                packetbuf_datalen
                0x00402214                .real_start_ofpacketbuf_datalen
 .text.packetbuf_hdrlen
                0x00402220       0x1c contiki-redbee-econotag.a(packetbuf.o)
                0x00402220                packetbuf_hdrlen
                0x00402228                .real_start_ofpacketbuf_hdrlen
 .text.packetbuf_totlen
                0x0040223c       0x24 contiki-redbee-econotag.a(packetbuf.o)
                0x0040223c                packetbuf_totlen
                0x00402244                .real_start_ofpacketbuf_totlen
 .text.packetbuf_hdralloc
                0x00402260       0x34 contiki-redbee-econotag.a(packetbuf.o)
                0x00402268                .real_start_ofpacketbuf_hdralloc
                0x00402260                packetbuf_hdralloc
 .text.packetbuf_attr_copyfrom
                0x00402294       0x30 contiki-redbee-econotag.a(packetbuf.o)
                0x00402294                packetbuf_attr_copyfrom
                0x0040229c                .real_start_ofpacketbuf_attr_copyfrom
 .text.packetbuf_attr_copyto
                0x004022c4       0x2c contiki-redbee-econotag.a(packetbuf.o)
                0x004022c4                packetbuf_attr_copyto
                0x004022cc                .real_start_ofpacketbuf_attr_copyto
 .text.packetbuf_copyto
                0x004022f0       0x68 contiki-redbee-econotag.a(packetbuf.o)
                0x004022f0                packetbuf_copyto
                0x004022f8                .real_start_ofpacketbuf_copyto
 .text.packetbuf_copyto_hdr
                0x00402358       0x30 contiki-redbee-econotag.a(packetbuf.o)
                0x00402358                packetbuf_copyto_hdr
                0x00402360                .real_start_ofpacketbuf_copyto_hdr
 .text.packetbuf_attr_clear
                0x00402388       0x58 contiki-redbee-econotag.a(packetbuf.o)
                0x00402390                .real_start_ofpacketbuf_attr_clear
                0x00402388                packetbuf_attr_clear
 .text.packetbuf_clear
                0x004023e0       0x44 contiki-redbee-econotag.a(packetbuf.o)
                0x004023e8                .real_start_ofpacketbuf_clear
                0x004023e0                packetbuf_clear
 .text.packetbuf_copyfrom
                0x00402424       0x40 contiki-redbee-econotag.a(packetbuf.o)
                0x00402424                packetbuf_copyfrom
                0x0040242c                .real_start_ofpacketbuf_copyfrom
 .text.queuebuf_to_packetbuf
                0x00402464       0x70 contiki-redbee-econotag.a(queuebuf.o)
                0x0040246c                .real_start_ofqueuebuf_to_packetbuf
                0x00402464                queuebuf_to_packetbuf
 .text.queuebuf_free
                0x004024d4       0x4c contiki-redbee-econotag.a(queuebuf.o)
                0x004024d4                queuebuf_free
                0x004024dc                .real_start_ofqueuebuf_free
 .text.queuebuf_new_from_packetbuf
                0x00402520       0x84 contiki-redbee-econotag.a(queuebuf.o)
                0x00402520                queuebuf_new_from_packetbuf
                0x00402528                .real_start_ofqueuebuf_new_from_packetbuf
 .text.queuebuf_init
                0x004025a4       0x30 contiki-redbee-econotag.a(queuebuf.o)
                0x004025a4                queuebuf_init
                0x004025ac                .real_start_ofqueuebuf_init
 .text.uip_add32
                0x004025d4       0x74 contiki-redbee-econotag.a(uip6.o)
                0x004025d4                uip_add32
                0x004025dc                .real_start_ofuip_add32
 .text.chksum   0x00402648       0x48 contiki-redbee-econotag.a(uip6.o)
 .text.uip_unlisten
                0x00402690       0x48 contiki-redbee-econotag.a(uip6.o)
                0x00402690                uip_unlisten
                0x00402698                .real_start_ofuip_unlisten
 .text.uip_add_rcv_nxt
                0x004026d8       0x38 contiki-redbee-econotag.a(uip6.o)
 .text.uip_htons
                0x00402710       0x18 contiki-redbee-econotag.a(uip6.o)
                0x00402710                uip_htons
                0x00402718                .real_start_ofuip_htons
 .text.upper_layer_chksum
                0x00402728       0x60 contiki-redbee-econotag.a(uip6.o)
 .text.uip_udpchksum
                0x00402788       0x18 contiki-redbee-econotag.a(uip6.o)
                0x00402790                .real_start_ofuip_udpchksum
                0x00402788                uip_udpchksum
 .text.uip_tcpchksum
                0x004027a0       0x18 contiki-redbee-econotag.a(uip6.o)
                0x004027a0                uip_tcpchksum
                0x004027a8                .real_start_ofuip_tcpchksum
 .text.uip_icmp6chksum
                0x004027b8       0x18 contiki-redbee-econotag.a(uip6.o)
                0x004027c0                .real_start_ofuip_icmp6chksum
                0x004027b8                uip_icmp6chksum
 .text.uip_htonl
                0x004027d0       0x28 contiki-redbee-econotag.a(uip6.o)
                0x004027d0                uip_htonl
                0x004027d8                .real_start_ofuip_htonl
 .text.ext_hdr_options_process
                0x004027f8       0xbc contiki-redbee-econotag.a(uip6.o)
 .text.remove_ext_hdr
                0x004028b4       0x64 contiki-redbee-econotag.a(uip6.o)
                0x004028bc                .real_start_ofremove_ext_hdr
                0x004028b4                remove_ext_hdr
 .text.uip_process
                0x00402918      0xf38 contiki-redbee-econotag.a(uip6.o)
                0x00402918                uip_process
                0x00402920                .real_start_ofuip_process
 .text.uip_init
                0x00403850       0x80 contiki-redbee-econotag.a(uip6.o)
                0x00403858                .real_start_ofuip_init
                0x00403850                uip_init
 .text.tcpip_output
                0x004038d0       0x28 contiki-redbee-econotag.a(tcpip.o)
                0x004038d0                tcpip_output
                0x004038d8                .real_start_oftcpip_output
 .text.tcpip_set_outputfunc
                0x004038f8       0x14 contiki-redbee-econotag.a(tcpip.o)
                0x00403900                .real_start_oftcpip_set_outputfunc
                0x004038f8                tcpip_set_outputfunc
 .text.start_periodic_tcp_timer
                0x0040390c       0x20 contiki-redbee-econotag.a(tcpip.o)
 .text.tcpip_uipcall
                0x0040392c       0x90 contiki-redbee-econotag.a(tcpip.o)
                0x0040392c                tcpip_uipcall
                0x00403934                .real_start_oftcpip_uipcall
 .text.tcpip_input
                0x004039bc       0x30 contiki-redbee-econotag.a(tcpip.o)
                0x004039c4                .real_start_oftcpip_input
                0x004039bc                tcpip_input
 .text.tcpip_ipv6_output
                0x004039ec      0x154 contiki-redbee-econotag.a(tcpip.o)
                0x004039ec                tcpip_ipv6_output
                0x004039f4                .real_start_oftcpip_ipv6_output
 .text.process_thread_tcpip_process
                0x00403b40      0x1f0 contiki-redbee-econotag.a(tcpip.o)
 .text.uip_icmp6_send
                0x00403d30       0x90 contiki-redbee-econotag.a(uip-icmp6.o)
                0x00403d30                uip_icmp6_send
                0x00403d38                .real_start_ofuip_icmp6_send
 .text.uip_icmp6_echo_request_input
                0x00403dc0      0x108 contiki-redbee-econotag.a(uip-icmp6.o)
                0x00403dc8                .real_start_ofuip_icmp6_echo_request_input
                0x00403dc0                uip_icmp6_echo_request_input
 .text.uip_icmp6_error_output
                0x00403ec8      0x184 contiki-redbee-econotag.a(uip-icmp6.o)
                0x00403ed0                .real_start_ofuip_icmp6_error_output
                0x00403ec8                uip_icmp6_error_output
 .text.uip_nd6_na_input
                0x0040404c      0x220 contiki-redbee-econotag.a(uip-nd6.o)
                0x0040404c                uip_nd6_na_input
                0x00404054                .real_start_ofuip_nd6_na_input
 .text.create_llao
                0x0040426c       0x2c contiki-redbee-econotag.a(uip-nd6.o)
 .text.uip_nd6_ns_output
                0x00404298      0x13c contiki-redbee-econotag.a(uip-nd6.o)
                0x00404298                uip_nd6_ns_output
                0x004042a0                .real_start_ofuip_nd6_ns_output
 .text.uip_nd6_ns_input
                0x004043d4      0x260 contiki-redbee-econotag.a(uip-nd6.o)
                0x004043dc                .real_start_ofuip_nd6_ns_input
                0x004043d4                uip_nd6_ns_input
 .text.packetbuf_set_attr
                0x00404634       0x10 contiki-redbee-econotag.a(sicslowpan.o)
 .text.packetbuf_addr
                0x00404644       0x10 contiki-redbee-econotag.a(sicslowpan.o)
 .text.set_packet_attrs
                0x00404654       0x48 contiki-redbee-econotag.a(sicslowpan.o)
 .text.addr_context_lookup_by_number
                0x0040469c       0x3c contiki-redbee-econotag.a(sicslowpan.o)
 .text.compress_addr_64
                0x004046d8       0xac contiki-redbee-econotag.a(sicslowpan.o)
 .text.uncompress_addr
                0x00404784       0x80 contiki-redbee-econotag.a(sicslowpan.o)
 .text.input    0x00404804      0x5d8 contiki-redbee-econotag.a(sicslowpan.o)
 .text.sicslowpan_init
                0x00404ddc       0x34 contiki-redbee-econotag.a(sicslowpan.o)
                0x00404ddc                sicslowpan_init
                0x00404de4                .real_start_ofsicslowpan_init
 .text.addr_context_lookup_by_prefix
                0x00404e10       0x50 contiki-redbee-econotag.a(sicslowpan.o)
 .text.send_packet
                0x00404e60       0x30 contiki-redbee-econotag.a(sicslowpan.o)
 .text.output   0x00404e90      0x6e0 contiki-redbee-econotag.a(sicslowpan.o)
 .text.packet_sent
                0x00405570       0x34 contiki-redbee-econotag.a(sicslowpan.o)
 .text.packetbuf_addr
                0x004055a4       0x10 contiki-redbee-econotag.a(neighbor-info.o)
 .text.neighbor_info_subscribe
                0x004055b4       0x3c contiki-redbee-econotag.a(neighbor-info.o)
                0x004055bc                .real_start_ofneighbor_info_subscribe
                0x004055b4                neighbor_info_subscribe
 .text.add_neighbor
                0x004055f0        0xc contiki-redbee-econotag.a(neighbor-info.o)
 .text.neighbor_info_packet_received
                0x004055fc       0x2c contiki-redbee-econotag.a(neighbor-info.o)
                0x00405604                .real_start_ofneighbor_info_packet_received
                0x004055fc                neighbor_info_packet_received
 .text.neighbor_info_packet_sent
                0x00405628       0xcc contiki-redbee-econotag.a(neighbor-info.o)
                0x00405628                neighbor_info_packet_sent
                0x00405630                .real_start_ofneighbor_info_packet_sent
 .text.uip_ds6_defrt_rm
                0x004056f4       0x18 contiki-redbee-econotag.a(uip-ds6.o)
                0x004056f4                uip_ds6_defrt_rm
                0x004056fc                .real_start_ofuip_ds6_defrt_rm
 .text.uip_ds6_get_link_local
                0x0040570c       0x54 contiki-redbee-econotag.a(uip-ds6.o)
                0x0040570c                uip_ds6_get_link_local
                0x00405714                .real_start_ofuip_ds6_get_link_local
 .text.uip_ds6_maddr_rm
                0x00405760       0x18 contiki-redbee-econotag.a(uip-ds6.o)
                0x00405760                uip_ds6_maddr_rm
                0x00405768                .real_start_ofuip_ds6_maddr_rm
 .text.uip_ds6_route_rm
                0x00405778       0x10 contiki-redbee-econotag.a(uip-ds6.o)
                0x00405780                .real_start_ofuip_ds6_route_rm
                0x00405778                uip_ds6_route_rm
 .text.get_match_length
                0x00405788       0x50 contiki-redbee-econotag.a(uip-ds6.o)
                0x00405790                .real_start_ofget_match_length
                0x00405788                get_match_length
 .text.uip_ds6_select_src
                0x004057d8       0xa4 contiki-redbee-econotag.a(uip-ds6.o)
                0x004057e0                .real_start_ofuip_ds6_select_src
                0x004057d8                uip_ds6_select_src
 .text.uip_ds6_compute_reachable_time
                0x0040587c       0x38 contiki-redbee-econotag.a(uip-ds6.o)
                0x0040587c                uip_ds6_compute_reachable_time
                0x00405884                .real_start_ofuip_ds6_compute_reachable_time
 .text.uip_ds6_set_addr_iid
                0x004058b4       0x24 contiki-redbee-econotag.a(uip-ds6.o)
                0x004058b4                uip_ds6_set_addr_iid
                0x004058bc                .real_start_ofuip_ds6_set_addr_iid
 .text.uip_ds6_route_rm_by_nexthop
                0x004058d8       0x50 contiki-redbee-econotag.a(uip-ds6.o)
                0x004058d8                uip_ds6_route_rm_by_nexthop
                0x004058e0                .real_start_ofuip_ds6_route_rm_by_nexthop
 .text.uip_ds6_route_lookup
                0x00405928       0x68 contiki-redbee-econotag.a(uip-ds6.o)
                0x00405928                uip_ds6_route_lookup
                0x00405930                .real_start_ofuip_ds6_route_lookup
 .text.uip_ds6_is_addr_onlink
                0x00405990       0x50 contiki-redbee-econotag.a(uip-ds6.o)
                0x00405990                uip_ds6_is_addr_onlink
                0x00405998                .real_start_ofuip_ds6_is_addr_onlink
 .text.uip_ds6_list_loop
                0x004059e0       0x60 contiki-redbee-econotag.a(uip-ds6.o)
                0x004059e8                .real_start_ofuip_ds6_list_loop
                0x004059e0                uip_ds6_list_loop
 .text.uip_ds6_maddr_lookup
                0x00405a40       0x3c contiki-redbee-econotag.a(uip-ds6.o)
                0x00405a48                .real_start_ofuip_ds6_maddr_lookup
                0x00405a40                uip_ds6_maddr_lookup
 .text.uip_ds6_addr_rm
                0x00405a7c       0x58 contiki-redbee-econotag.a(uip-ds6.o)
                0x00405a84                .real_start_ofuip_ds6_addr_rm
                0x00405a7c                uip_ds6_addr_rm
 .text.uip_ds6_maddr_add
                0x00405ad4       0x50 contiki-redbee-econotag.a(uip-ds6.o)
                0x00405ad4                uip_ds6_maddr_add
                0x00405adc                .real_start_ofuip_ds6_maddr_add
 .text.uip_ds6_addr_lookup
                0x00405b24       0x3c contiki-redbee-econotag.a(uip-ds6.o)
                0x00405b2c                .real_start_ofuip_ds6_addr_lookup
                0x00405b24                uip_ds6_addr_lookup
 .text.uip_ds6_prefix_add
                0x00405b60       0x70 contiki-redbee-econotag.a(uip-ds6.o)
                0x00405b60                uip_ds6_prefix_add
                0x00405b68                .real_start_ofuip_ds6_prefix_add
 .text.uip_ds6_defrt_lookup
                0x00405bd0       0x3c contiki-redbee-econotag.a(uip-ds6.o)
                0x00405bd8                .real_start_ofuip_ds6_defrt_lookup
                0x00405bd0                uip_ds6_defrt_lookup
 .text.uip_ds6_route_add
                0x00405c0c       0x74 contiki-redbee-econotag.a(uip-ds6.o)
                0x00405c0c                uip_ds6_route_add
                0x00405c14                .real_start_ofuip_ds6_route_add
 .text.uip_ds6_addr_add
                0x00405c80       0xac contiki-redbee-econotag.a(uip-ds6.o)
                0x00405c80                uip_ds6_addr_add
                0x00405c88                .real_start_ofuip_ds6_addr_add
 .text.uip_ds6_defrt_add
                0x00405d2c       0x6c contiki-redbee-econotag.a(uip-ds6.o)
                0x00405d34                .real_start_ofuip_ds6_defrt_add
                0x00405d2c                uip_ds6_defrt_add
 .text.uip_ds6_nbr_lookup
                0x00405d98       0x44 contiki-redbee-econotag.a(uip-ds6.o)
                0x00405d98                uip_ds6_nbr_lookup
                0x00405da0                .real_start_ofuip_ds6_nbr_lookup
 .text.uip_ds6_defrt_choose
                0x00405ddc       0x6c contiki-redbee-econotag.a(uip-ds6.o)
                0x00405de4                .real_start_ofuip_ds6_defrt_choose
                0x00405ddc                uip_ds6_defrt_choose
 .text.uip_ds6_nbr_rm
                0x00405e48       0x1c contiki-redbee-econotag.a(uip-ds6.o)
                0x00405e48                uip_ds6_nbr_rm
                0x00405e50                .real_start_ofuip_ds6_nbr_rm
 .text.uip_ds6_nbr_add
                0x00405e64       0xf4 contiki-redbee-econotag.a(uip-ds6.o)
                0x00405e64                uip_ds6_nbr_add
                0x00405e6c                .real_start_ofuip_ds6_nbr_add
 .text.uip_ds6_periodic
                0x00405f58      0x1b4 contiki-redbee-econotag.a(uip-ds6.o)
                0x00405f58                uip_ds6_periodic
                0x00405f60                .real_start_ofuip_ds6_periodic
 .text.uip_ds6_init
                0x0040610c      0x118 contiki-redbee-econotag.a(uip-ds6.o)
                0x00406114                .real_start_ofuip_ds6_init
                0x0040610c                uip_ds6_init
 .text.shell_exit
                0x00406224        0xc contiki-redbee-econotag.a(serial-shell.o)
                0x0040622c                .real_start_ofshell_exit
                0x00406224                shell_exit
 .text.process_thread_serial_shell_process
                0x00406230       0x4c contiki-redbee-econotag.a(serial-shell.o)
 .text.serial_shell_init
                0x0040627c       0x1c contiki-redbee-econotag.a(serial-shell.o)
                0x00406284                .real_start_ofserial_shell_init
                0x0040627c                serial_shell_init
 .text.shell_prompt
                0x00406298       0x28 contiki-redbee-econotag.a(serial-shell.o)
                0x00406298                shell_prompt
                0x004062a0                .real_start_ofshell_prompt
 .text.shell_default_output
                0x004062c0       0x68 contiki-redbee-econotag.a(serial-shell.o)
                0x004062c0                shell_default_output
                0x004062c8                .real_start_ofshell_default_output
 .text.process_thread_shell_null_process
                0x00406328       0x44 contiki-redbee-econotag.a(shell.o)
 .text.process_thread_shell_exit_process
                0x0040636c       0x1c contiki-redbee-econotag.a(shell.o)
 .text.input_to_child_command
                0x00406388       0x38 contiki-redbee-econotag.a(shell.o)
 .text.shell_input
                0x004063c0       0x68 contiki-redbee-econotag.a(shell.o)
                0x004063c8                .real_start_ofshell_input
                0x004063c0                shell_input
 .text.shell_set_time
                0x00406428       0x20 contiki-redbee-econotag.a(shell.o)
                0x00406428                shell_set_time
                0x00406430                .real_start_ofshell_set_time
 .text.shell_time
                0x00406448       0x20 contiki-redbee-econotag.a(shell.o)
                0x00406448                shell_time
                0x00406450                .real_start_ofshell_time
 .text.process_thread_shell_server_process
                0x00406468       0x94 contiki-redbee-econotag.a(shell.o)
 .text.shell_register_command
                0x004064fc       0x5c contiki-redbee-econotag.a(shell.o)
                0x00406504                .real_start_ofshell_register_command
                0x004064fc                shell_register_command
 .text.shell_init
                0x00406558       0x90 contiki-redbee-econotag.a(shell.o)
                0x00406558                shell_init
                0x00406560                .real_start_ofshell_init
 .text.shell_output_str
                0x004065e8       0x5c contiki-redbee-econotag.a(shell.o)
                0x004065e8                shell_output_str
                0x004065f0                .real_start_ofshell_output_str
 .text.command_kill
                0x00406644       0x28 contiki-redbee-econotag.a(shell.o)
 .text.killall  0x0040666c       0x38 contiki-redbee-econotag.a(shell.o)
 .text.process_thread_shell_killall_process
                0x004066a4       0x1c contiki-redbee-econotag.a(shell.o)
 .text.process_thread_shell_kill_process
                0x004066c0       0x84 contiki-redbee-econotag.a(shell.o)
 .text.process_thread_help_command_process
                0x00406744       0x4c contiki-redbee-econotag.a(shell.o)
 .text.start_command
                0x00406790      0x140 contiki-redbee-econotag.a(shell.o)
 .text.shell_start_command
                0x004068d0       0x50 contiki-redbee-econotag.a(shell.o)
                0x004068d0                shell_start_command
                0x004068d8                .real_start_ofshell_start_command
 .text.process_thread_shell_process
                0x00406920       0xc0 contiki-redbee-econotag.a(shell.o)
 .text.clock_time
                0x004069e0       0x14 contiki-redbee-econotag.a(clock.o)
                0x004069e8                .real_start_ofclock_time
                0x004069e0                clock_time
 .text.clock_seconds
                0x004069f4       0x14 contiki-redbee-econotag.a(clock.o)
                0x004069f4                clock_seconds
                0x004069fc                .real_start_ofclock_seconds
 .text.tmr0_isr
                0x00406a08       0x88 contiki-redbee-econotag.a(clock.o)
                0x00406a10                .real_start_oftmr0_isr
                0x00406a08                tmr0_isr
 .text.clock_init
                0x00406a90       0x70 contiki-redbee-econotag.a(clock.o)
                0x00406a90                clock_init
                0x00406a98                .real_start_ofclock_init
 .text.status   0x00406b00       0x1c contiki-redbee-econotag.a(button-sensor.o)
 .text.configure
                0x00406b1c       0x4c contiki-redbee-econotag.a(button-sensor.o)
 .text.value    0x00406b68       0x28 contiki-redbee-econotag.a(button-sensor.o)
 .text.kbi4_isr
                0x00406b90       0x40 contiki-redbee-econotag.a(button-sensor.o)
                0x00406b90                kbi4_isr
                0x00406b98                .real_start_ofkbi4_isr
 .text.get_sensor_index
                0x00406bd0       0x28 contiki-redbee-econotag.a(sensors.o)
 .text.process_thread_sensors_process
                0x00406bf8       0xe0 contiki-redbee-econotag.a(sensors.o)
 .text.sensors_changed
                0x00406cd8       0x30 contiki-redbee-econotag.a(sensors.o)
                0x00406ce0                .real_start_ofsensors_changed
                0x00406cd8                sensors_changed
 .text.watchdog_periodic
                0x00406d08        0xc contiki-redbee-econotag.a(watchdog.o)
                0x00406d08                watchdog_periodic
                0x00406d10                .real_start_ofwatchdog_periodic
 .text.cal_ring_osc
                0x00406d14       0xb8 contiki-redbee-econotag.a(contiki-crm.o)
                0x00406d14                cal_ring_osc
                0x00406d1c                .real_start_ofcal_ring_osc
 .text.packetbuf_set_attr
                0x00406dcc       0x10 contiki-redbee-econotag.a(contiki-maca.o)
 .text.contiki_maca_init
                0x00406ddc        0xc contiki-redbee-econotag.a(contiki-maca.o)
                0x00406de4                .real_start_ofcontiki_maca_init
                0x00406ddc                contiki_maca_init
 .text.contiki_maca_channel_clear
                0x00406de8        0xc contiki-redbee-econotag.a(contiki-maca.o)
                0x00406df0                .real_start_ofcontiki_maca_channel_clear
                0x00406de8                contiki_maca_channel_clear
 .text.contiki_maca_receiving_packet
                0x00406df4        0xc contiki-redbee-econotag.a(contiki-maca.o)
                0x00406df4                contiki_maca_receiving_packet
                0x00406dfc                .real_start_ofcontiki_maca_receiving_packet
 .text.contiki_maca_pending_packet
                0x00406e00       0x18 contiki-redbee-econotag.a(contiki-maca.o)
                0x00406e08                .real_start_ofcontiki_maca_pending_packet
                0x00406e00                contiki_maca_pending_packet
 .text.contiki_maca_on_request
                0x00406e18       0x20 contiki-redbee-econotag.a(contiki-maca.o)
                0x00406e20                .real_start_ofcontiki_maca_on_request
                0x00406e18                contiki_maca_on_request
 .text.contiki_maca_off_request
                0x00406e38       0x20 contiki-redbee-econotag.a(contiki-maca.o)
                0x00406e38                contiki_maca_off_request
                0x00406e40                .real_start_ofcontiki_maca_off_request
 .text.maca_tx_callback
                0x00406e58       0x20 contiki-redbee-econotag.a(contiki-maca.o)
                0x00406e60                .real_start_ofmaca_tx_callback
                0x00406e58                maca_tx_callback
 .text.maca_rx_callback
                0x00406e78       0x1c contiki-redbee-econotag.a(contiki-maca.o)
                0x00406e78                maca_rx_callback
                0x00406e80                .real_start_ofmaca_rx_callback
 .text.contiki_maca_prepare
                0x00406e94       0x3c contiki-redbee-econotag.a(contiki-maca.o)
                0x00406e9c                .real_start_ofcontiki_maca_prepare
                0x00406e94                contiki_maca_prepare
 .text.contiki_maca_transmit
                0x00406ed0       0x64 contiki-redbee-econotag.a(contiki-maca.o)
                0x00406ed0                contiki_maca_transmit
                0x00406ed8                .real_start_ofcontiki_maca_transmit
 .text.contiki_maca_send
                0x00406f34       0x3c contiki-redbee-econotag.a(contiki-maca.o)
                0x00406f3c                .real_start_ofcontiki_maca_send
                0x00406f34                contiki_maca_send
 .text.contiki_maca_read
                0x00406f70       0x58 contiki-redbee-econotag.a(contiki-maca.o)
                0x00406f78                .real_start_ofcontiki_maca_read
                0x00406f70                contiki_maca_read
 .text.process_thread_contiki_maca_process
                0x00406fc8       0x94 contiki-redbee-econotag.a(contiki-maca.o)
 .text.rand     0x0040705c       0x14 contiki-redbee-econotag.a(contiki-misc.o)
                0x0040705c                rand
                0x00407064                .real_start_ofrand
 .text.leds_init
                0x00407070       0x28 contiki-redbee-econotag.a(leds.o)
                0x00407078                .real_start_ofleds_init
                0x00407070                leds_init
 .text.uart1_set_input
                0x00407098       0x14 contiki-redbee-econotag.a(contiki-uart.o)
                0x004070a0                .real_start_ofuart1_set_input
                0x00407098                uart1_set_input
 .text.printf   0x004070ac       0x2c contiki-redbee-econotag.a(dbg-printf.o)
                0x004070ac                printf
                0x004070b4                .real_start_ofprintf
 .text.write_str
                0x004070d8       0x18 contiki-redbee-econotag.a(dbg-printf.o)
 .text.parse_uint
                0x004070f0       0x28 contiki-redbee-econotag.a(strformat.o)
 .text.output_uint_hex
                0x00407118       0x48 contiki-redbee-econotag.a(strformat.o)
 .text.fill_space
                0x00407160       0x40 contiki-redbee-econotag.a(strformat.o)
 .text.format_str_v
                0x004071a0      0x724 contiki-redbee-econotag.a(strformat.o)
                0x004071a0                format_str_v
                0x004071a8                .real_start_offormat_str_v
 .text.adc_service
                0x004078c4       0x3c contiki-redbee-econotag.a(adc.o)
                0x004078c4                adc_service
                0x004078cc                .real_start_ofadc_service
 .text.adc_init
                0x00407900       0x7c contiki-redbee-econotag.a(adc.o)
                0x00407908                .real_start_ofadc_init
                0x00407900                adc_init
 .text.gpio_select_function
                0x0040797c       0x30 contiki-redbee-econotag.a(gpio-util.o)
                0x00407984                .real_start_ofgpio_select_function
                0x0040797c                gpio_select_function
 .text.gpio_reg_set
                0x004079ac       0x20 contiki-redbee-econotag.a(gpio-util.o)
                0x004079ac                gpio_reg_set
                0x004079b4                .real_start_ofgpio_reg_set
 .text.gpio_reg_clear
                0x004079cc       0x20 contiki-redbee-econotag.a(gpio-util.o)
                0x004079d4                .real_start_ofgpio_reg_clear
                0x004079cc                gpio_reg_clear
 .text.gpio_set_pad_dir
                0x004079ec       0x38 contiki-redbee-econotag.a(gpio-util.o)
                0x004079ec                gpio_set_pad_dir
                0x004079f4                .real_start_ofgpio_set_pad_dir
 .text.free_packet
                0x00407a24       0x64 contiki-redbee-econotag.a(maca.o)
                0x00407a24                free_packet
                0x00407a2c                .real_start_offree_packet
 .text.get_free_packet
                0x00407a88       0x54 contiki-redbee-econotag.a(maca.o)
                0x00407a88                get_free_packet
                0x00407a90                .real_start_ofget_free_packet
 .text.post_receive
                0x00407adc       0xb0 contiki-redbee-econotag.a(maca.o)
                0x00407adc                post_receive
                0x00407ae4                .real_start_ofpost_receive
 .text.rx_packet
                0x00407b8c       0x54 contiki-redbee-econotag.a(maca.o)
                0x00407b94                .real_start_ofrx_packet
                0x00407b8c                rx_packet
 .text.post_tx  0x00407be0       0xd4 contiki-redbee-econotag.a(maca.o)
                0x00407be0                post_tx
                0x00407be8                .real_start_ofpost_tx
 .text.tx_packet
                0x00407cb4       0x98 contiki-redbee-econotag.a(maca.o)
                0x00407cbc                .real_start_oftx_packet
                0x00407cb4                tx_packet
 .text.free_tx_head
                0x00407d4c       0x5c contiki-redbee-econotag.a(maca.o)
                0x00407d4c                free_tx_head
                0x00407d54                .real_start_offree_tx_head
 .text.add_to_rx
                0x00407da8       0x70 contiki-redbee-econotag.a(maca.o)
                0x00407db0                .real_start_ofadd_to_rx
                0x00407da8                add_to_rx
 .text.insert_at_rx_head
                0x00407e18       0x70 contiki-redbee-econotag.a(maca.o)
                0x00407e20                .real_start_ofinsert_at_rx_head
                0x00407e18                insert_at_rx_head
 .text.set_power
                0x00407e88       0x78 contiki-redbee-econotag.a(maca.o)
                0x00407e88                set_power
                0x00407e90                .real_start_ofset_power
 .text.set_channel
                0x00407f00       0xc8 contiki-redbee-econotag.a(maca.o)
                0x00407f00                set_channel
                0x00407f08                .real_start_ofset_channel
 .text.ResumeMACASync
                0x00407fc8       0xe0 contiki-redbee-econotag.a(maca.o)
                0x00407fc8                ResumeMACASync
                0x00407fd0                .real_start_ofResumeMACASync
 .text.decode_status
                0x004080a8       0x38 contiki-redbee-econotag.a(maca.o)
                0x004080a8                decode_status
                0x004080b0                .real_start_ofdecode_status
 .text.check_maca
                0x004080e0       0xc0 contiki-redbee-econotag.a(maca.o)
                0x004080e0                check_maca
                0x004080e8                .real_start_ofcheck_maca
 .text.maca_isr
                0x004081a0      0x1ac contiki-redbee-econotag.a(maca.o)
                0x004081a8                .real_start_ofmaca_isr
                0x004081a0                maca_isr
 .text.uart1_isr
                0x0040834c       0xc8 contiki-redbee-econotag.a(uart1.o)
                0x0040834c                uart1_isr
                0x00408354                .real_start_ofuart1_isr
 .text.uart1_putc
                0x00408414       0xa8 contiki-redbee-econotag.a(uart1.o)
                0x0040841c                .real_start_ofuart1_putc
                0x00408414                uart1_putc
 .text.uart1_getc
                0x004084bc       0x64 contiki-redbee-econotag.a(uart1.o)
                0x004084bc                uart1_getc
                0x004084c4                .real_start_ofuart1_getc
 .text.uart1_init
                0x00408520       0xdc contiki-redbee-econotag.a(default_lowleve)
                0x00408520                uart1_init
                0x00408528                .real_start_ofuart1_init
 .text.rpl_invert_header
                0x004085fc       0x58 contiki-redbee-econotag.a(rpl-ext-header.)
                0x004085fc                rpl_invert_header
                0x00408604                .real_start_ofrpl_invert_header
 .text.rpl_verify_header
                0x00408654       0x80 contiki-redbee-econotag.a(rpl-ext-header.)
                0x0040865c                .real_start_ofrpl_verify_header
                0x00408654                rpl_verify_header
 .text.rpl_update_header_final
                0x004086d4       0xa8 contiki-redbee-econotag.a(rpl-ext-header.)
                0x004086dc                .real_start_ofrpl_update_header_final
                0x004086d4                rpl_update_header_final
 .text.rpl_update_header_empty
                0x0040877c       0xf4 contiki-redbee-econotag.a(rpl-ext-header.)
                0x0040877c                rpl_update_header_empty
                0x00408784                .real_start_ofrpl_update_header_empty
 .text.addr_len
                0x00408870       0x18 contiki-redbee-econotag.a(frame802154.o)
 .text.frame802154_parse
                0x00408888      0x13c contiki-redbee-econotag.a(frame802154.o)
                0x00408890                .real_start_offrame802154_parse
                0x00408888                frame802154_parse
 .text.field_len
                0x004089c4       0x64 contiki-redbee-econotag.a(frame802154.o)
 .text.frame802154_create
                0x00408a28      0x10c contiki-redbee-econotag.a(frame802154.o)
                0x00408a28                frame802154_create
                0x00408a30                .real_start_offrame802154_create
 .text.frame802154_hdrlen
                0x00408b34       0x38 contiki-redbee-econotag.a(frame802154.o)
                0x00408b34                frame802154_hdrlen
                0x00408b3c                .real_start_offrame802154_hdrlen
 .text.rpl_init
                0x00408b6c       0x4c contiki-redbee-econotag.a(rpl.o)
                0x00408b6c                rpl_init
                0x00408b74                .real_start_ofrpl_init
 .text.rpl_ipv6_neighbor_callback
                0x00408bb8       0x4c contiki-redbee-econotag.a(rpl.o)
                0x00408bc0                .real_start_ofrpl_ipv6_neighbor_callback
                0x00408bb8                rpl_ipv6_neighbor_callback
 .text.rpl_link_neighbor_callback
                0x00408c04       0x94 contiki-redbee-econotag.a(rpl.o)
 .text.rpl_add_route
                0x00408c98       0x68 contiki-redbee-econotag.a(rpl.o)
                0x00408c98                rpl_add_route
                0x00408ca0                .real_start_ofrpl_add_route
 .text.rpl_remove_routes_by_nexthop
                0x00408d00       0x48 contiki-redbee-econotag.a(rpl.o)
                0x00408d00                rpl_remove_routes_by_nexthop
                0x00408d08                .real_start_ofrpl_remove_routes_by_nexthop
 .text.rpl_remove_routes
                0x00408d48       0x30 contiki-redbee-econotag.a(rpl.o)
                0x00408d48                rpl_remove_routes
                0x00408d50                .real_start_ofrpl_remove_routes
 .text.rpl_purge_routes
                0x00408d78       0x3c contiki-redbee-econotag.a(rpl.o)
                0x00408d80                .real_start_ofrpl_purge_routes
                0x00408d78                rpl_purge_routes
 .text.lollipop_greater_than
                0x00408db4       0x40 contiki-redbee-econotag.a(rpl-dag.o)
 .text.acceptable_rank
                0x00408df4       0x50 contiki-redbee-econotag.a(rpl-dag.o)
 .text.rpl_get_any_dag
                0x00408e44       0x28 contiki-redbee-econotag.a(rpl-dag.o)
                0x00408e44                rpl_get_any_dag
                0x00408e4c                .real_start_ofrpl_get_any_dag
 .text.rpl_get_instance
                0x00408e6c       0x2c contiki-redbee-econotag.a(rpl-dag.o)
                0x00408e74                .real_start_ofrpl_get_instance
                0x00408e6c                rpl_get_instance
 .text.rpl_find_of
                0x00408e98       0x20 contiki-redbee-econotag.a(rpl-dag.o)
                0x00408e98                rpl_find_of
                0x00408ea0                .real_start_ofrpl_find_of
 .text.get_dag  0x00408eb8       0x50 contiki-redbee-econotag.a(rpl-dag.o)
 .text.find_parent_dag
                0x00408f08       0x44 contiki-redbee-econotag.a(rpl-dag.o)
 .text.rpl_select_parent
                0x00408f4c       0x50 contiki-redbee-econotag.a(rpl-dag.o)
                0x00408f54                .real_start_ofrpl_select_parent
                0x00408f4c                rpl_select_parent
 .text.rpl_find_parent_any_dag
                0x00408f9c       0x4c contiki-redbee-econotag.a(rpl-dag.o)
                0x00408fa4                .real_start_ofrpl_find_parent_any_dag
                0x00408f9c                rpl_find_parent_any_dag
 .text.rpl_find_parent
                0x00408fe8       0x34 contiki-redbee-econotag.a(rpl-dag.o)
                0x00408ff0                .real_start_ofrpl_find_parent
                0x00408fe8                rpl_find_parent
 .text.rpl_alloc_instance
                0x0040901c       0x4c contiki-redbee-econotag.a(rpl-dag.o)
                0x00409024                .real_start_ofrpl_alloc_instance
                0x0040901c                rpl_alloc_instance
 .text.set_ip_from_prefix
                0x00409068       0x30 contiki-redbee-econotag.a(rpl-dag.o)
 .text.check_prefix
                0x00409098       0x78 contiki-redbee-econotag.a(rpl-dag.o)
 .text.rpl_move_parent
                0x00409110       0x6c contiki-redbee-econotag.a(rpl-dag.o)
                0x00409110                rpl_move_parent
                0x00409118                .real_start_ofrpl_move_parent
 .text.rpl_nullify_parent
                0x0040917c       0x50 contiki-redbee-econotag.a(rpl-dag.o)
                0x0040917c                rpl_nullify_parent
                0x00409184                .real_start_ofrpl_nullify_parent
 .text.rpl_local_repair
                0x004091cc       0x60 contiki-redbee-econotag.a(rpl-dag.o)
                0x004091cc                rpl_local_repair
                0x004091d4                .real_start_ofrpl_local_repair
 .text.rpl_remove_parent
                0x0040922c       0x2c contiki-redbee-econotag.a(rpl-dag.o)
                0x0040922c                rpl_remove_parent
                0x00409234                .real_start_ofrpl_remove_parent
 .text.remove_parents
                0x00409258       0x2c contiki-redbee-econotag.a(rpl-dag.o)
 .text.rpl_free_dag
                0x00409284       0x40 contiki-redbee-econotag.a(rpl-dag.o)
                0x0040928c                .real_start_ofrpl_free_dag
                0x00409284                rpl_free_dag
 .text.rpl_add_parent
                0x004092c4       0x64 contiki-redbee-econotag.a(rpl-dag.o)
                0x004092c4                rpl_add_parent
                0x004092cc                .real_start_ofrpl_add_parent
 .text.rpl_set_default_route
                0x00409328       0x60 contiki-redbee-econotag.a(rpl-dag.o)
                0x00409330                .real_start_ofrpl_set_default_route
                0x00409328                rpl_set_default_route
 .text.rpl_select_dag
                0x00409388      0x164 contiki-redbee-econotag.a(rpl-dag.o)
                0x00409390                .real_start_ofrpl_select_dag
                0x00409388                rpl_select_dag
 .text.rpl_process_parent_event
                0x004094ec       0x58 contiki-redbee-econotag.a(rpl-dag.o)
                0x004094f4                .real_start_ofrpl_process_parent_event
                0x004094ec                rpl_process_parent_event
 .text.rpl_recalculate_ranks
                0x00409544       0x68 contiki-redbee-econotag.a(rpl-dag.o)
                0x00409544                rpl_recalculate_ranks
                0x0040954c                .real_start_ofrpl_recalculate_ranks
 .text.rpl_free_instance
                0x004095ac       0x60 contiki-redbee-econotag.a(rpl-dag.o)
                0x004095ac                rpl_free_instance
                0x004095b4                .real_start_ofrpl_free_instance
 .text.rpl_alloc_dag
                0x0040960c       0x6c contiki-redbee-econotag.a(rpl-dag.o)
                0x00409614                .real_start_ofrpl_alloc_dag
                0x0040960c                rpl_alloc_dag
 .text.rpl_add_dag
                0x00409678      0x130 contiki-redbee-econotag.a(rpl-dag.o)
                0x00409678                rpl_add_dag
                0x00409680                .real_start_ofrpl_add_dag
 .text.rpl_join_instance
                0x004097a8      0x140 contiki-redbee-econotag.a(rpl-dag.o)
                0x004097b0                .real_start_ofrpl_join_instance
                0x004097a8                rpl_join_instance
 .text.rpl_process_dio
                0x004098e8      0x248 contiki-redbee-econotag.a(rpl-dag.o)
                0x004098e8                rpl_process_dio
                0x004098f0                .real_start_ofrpl_process_dio
 .text.get32    0x00409b30       0x1c contiki-redbee-econotag.a(rpl-icmp6.o)
 .text.set32    0x00409b4c       0x18 contiki-redbee-econotag.a(rpl-icmp6.o)
 .text.get16    0x00409b64       0x10 contiki-redbee-econotag.a(rpl-icmp6.o)
 .text.set16    0x00409b74        0xc contiki-redbee-econotag.a(rpl-icmp6.o)
 .text.dao_ack_output
                0x00409b80       0x3c contiki-redbee-econotag.a(rpl-icmp6.o)
                0x00409b80                dao_ack_output
                0x00409b88                .real_start_ofdao_ack_output
 .text.dao_output
                0x00409bbc       0xe4 contiki-redbee-econotag.a(rpl-icmp6.o)
                0x00409bbc                dao_output
                0x00409bc4                .real_start_ofdao_output
 .text.dio_output
                0x00409ca0      0x220 contiki-redbee-econotag.a(rpl-icmp6.o)
                0x00409ca8                .real_start_ofdio_output
                0x00409ca0                dio_output
 .text.uip_rpl_input
                0x00409ec0      0x418 contiki-redbee-econotag.a(rpl-icmp6.o)
                0x00409ec8                .real_start_ofuip_rpl_input
                0x00409ec0                uip_rpl_input
 .text.dis_output
                0x0040a2d8       0x58 contiki-redbee-econotag.a(rpl-icmp6.o)
                0x0040a2e0                .real_start_ofdis_output
                0x0040a2d8                dis_output
 .text.rpl_schedule_dao
                0x0040a330       0x48 contiki-redbee-econotag.a(rpl-timers.o)
                0x0040a338                .real_start_ofrpl_schedule_dao
                0x0040a330                rpl_schedule_dao
 .text.new_dio_interval
                0x0040a378       0x64 contiki-redbee-econotag.a(rpl-timers.o)
 .text.rpl_reset_dio_timer
                0x0040a3dc       0x30 contiki-redbee-econotag.a(rpl-timers.o)
                0x0040a3e4                .real_start_ofrpl_reset_dio_timer
                0x0040a3dc                rpl_reset_dio_timer
 .text.rpl_reset_periodic_timer
                0x0040a40c       0x30 contiki-redbee-econotag.a(rpl-timers.o)
                0x0040a414                .real_start_ofrpl_reset_periodic_timer
                0x0040a40c                rpl_reset_periodic_timer
 .text.handle_dao_timer
                0x0040a43c       0x50 contiki-redbee-econotag.a(rpl-timers.o)
 .text.handle_dio_timer
                0x0040a48c       0x94 contiki-redbee-econotag.a(rpl-timers.o)
 .text.handle_periodic_timer
                0x0040a520       0x3c contiki-redbee-econotag.a(rpl-timers.o)
 .text.calculate_path_metric
                0x0040a55c       0x30 contiki-redbee-econotag.a(rpl-of-etx.o)
 .text.reset    0x0040a58c        0x4 contiki-redbee-econotag.a(rpl-of-etx.o)
 .text.parent_state_callback
                0x0040a590        0x4 contiki-redbee-econotag.a(rpl-of-etx.o)
 .text.calculate_rank
                0x0040a594       0x48 contiki-redbee-econotag.a(rpl-of-etx.o)
 .text.best_dag
                0x0040a5dc       0x2c contiki-redbee-econotag.a(rpl-of-etx.o)
 .text.best_parent
                0x0040a608       0x40 contiki-redbee-econotag.a(rpl-of-etx.o)
 .text.update_metric_container
                0x0040a648       0x3c contiki-redbee-econotag.a(rpl-of-etx.o)
 .text.memb_alloc
                0x0040a684       0x38 contiki-redbee-econotag.a(memb.o)
                0x0040a68c                .real_start_ofmemb_alloc
                0x0040a684                memb_alloc
 .text.memb_free
                0x0040a6bc       0x40 contiki-redbee-econotag.a(memb.o)
                0x0040a6bc                memb_free
                0x0040a6c4                .real_start_ofmemb_free
 .text.memb_inmemb
                0x0040a6fc       0x34 contiki-redbee-econotag.a(memb.o)
                0x0040a704                .real_start_ofmemb_inmemb
                0x0040a6fc                memb_inmemb
 .text.memb_init
                0x0040a730       0x2c contiki-redbee-econotag.a(memb.o)
                0x0040a738                .real_start_ofmemb_init
                0x0040a730                memb_init
 .text.timer_reset
                0x0040a75c       0x14 contiki-redbee-econotag.a(timer.o)
                0x0040a764                .real_start_oftimer_reset
                0x0040a75c                timer_reset
 .text.timer_expired
                0x0040a770       0x24 contiki-redbee-econotag.a(timer.o)
                0x0040a770                timer_expired
                0x0040a778                .real_start_oftimer_expired
 .text.timer_restart
                0x0040a794       0x18 contiki-redbee-econotag.a(timer.o)
                0x0040a79c                .real_start_oftimer_restart
                0x0040a794                timer_restart
 .text.timer_set
                0x0040a7ac       0x1c contiki-redbee-econotag.a(timer.o)
                0x0040a7b4                .real_start_oftimer_set
                0x0040a7ac                timer_set
 .text.list_init
                0x0040a7c8       0x10 contiki-redbee-econotag.a(list.o)
                0x0040a7d0                .real_start_oflist_init
                0x0040a7c8                list_init
 .text.list_head
                0x0040a7d8        0xc contiki-redbee-econotag.a(list.o)
                0x0040a7d8                list_head
                0x0040a7e0                .real_start_oflist_head
 .text.list_tail
                0x0040a7e4       0x20 contiki-redbee-econotag.a(list.o)
                0x0040a7e4                list_tail
                0x0040a7ec                .real_start_oflist_tail
 .text.list_remove
                0x0040a804       0x38 contiki-redbee-econotag.a(list.o)
                0x0040a80c                .real_start_oflist_remove
                0x0040a804                list_remove
 .text.list_push
                0x0040a83c       0x20 contiki-redbee-econotag.a(list.o)
                0x0040a83c                list_push
                0x0040a844                .real_start_oflist_push
 .text.list_add
                0x0040a85c       0x2c contiki-redbee-econotag.a(list.o)
                0x0040a85c                list_add
                0x0040a864                .real_start_oflist_add
 .text.list_length
                0x0040a888       0x1c contiki-redbee-econotag.a(list.o)
                0x0040a888                list_length
                0x0040a890                .real_start_oflist_length
 .text.list_insert
                0x0040a8a4       0x24 contiki-redbee-econotag.a(list.o)
                0x0040a8ac                .real_start_oflist_insert
                0x0040a8a4                list_insert
 .text.list_item_next
                0x0040a8c8       0x14 contiki-redbee-econotag.a(list.o)
                0x0040a8c8                list_item_next
                0x0040a8d0                .real_start_oflist_item_next
 .text.stimer_expired
                0x0040a8dc       0x2c contiki-redbee-econotag.a(stimer.o)
                0x0040a8e4                .real_start_ofstimer_expired
                0x0040a8dc                stimer_expired
 .text.stimer_set
                0x0040a908       0x1c contiki-redbee-econotag.a(stimer.o)
                0x0040a910                .real_start_ofstimer_set
                0x0040a908                stimer_set
 .text.neighbor_addr_get
                0x0040a924       0x40 contiki-redbee-econotag.a(neighbor-attr.o)
 .text.neighbor_attr_get_data
                0x0040a964       0x28 contiki-redbee-econotag.a(neighbor-attr.o)
                0x0040a964                neighbor_attr_get_data
                0x0040a96c                .real_start_ofneighbor_attr_get_data
 .text.neighbor_attr_has_neighbor
                0x0040a98c       0x18 contiki-redbee-econotag.a(neighbor-attr.o)
                0x0040a98c                neighbor_attr_has_neighbor
                0x0040a994                .real_start_ofneighbor_attr_has_neighbor
 .text.set_attr
                0x0040a9a4       0x2c contiki-redbee-econotag.a(neighbor-attr.o)
 .text.neighbor_attr_add_neighbor
                0x0040a9d0       0x88 contiki-redbee-econotag.a(neighbor-attr.o)
                0x0040a9d0                neighbor_attr_add_neighbor
                0x0040a9d8                .real_start_ofneighbor_attr_add_neighbor
 .text.neighbor_attr_set_data
                0x0040aa58       0x50 contiki-redbee-econotag.a(neighbor-attr.o)
                0x0040aa58                neighbor_attr_set_data
                0x0040aa60                .real_start_ofneighbor_attr_set_data
 .text.neighbor_attr_register
                0x0040aaa8       0x3c contiki-redbee-econotag.a(neighbor-attr.o)
                0x0040aab0                .real_start_ofneighbor_attr_register
                0x0040aaa8                neighbor_attr_register
 .text.dbg_send_bytes
                0x0040aae4       0x30 contiki-redbee-econotag.a(debug-uart.o)
                0x0040aae4                dbg_send_bytes
                0x0040aaec                .real_start_ofdbg_send_bytes
 .text.leds_arch_init
                0x0040ab14       0x4c contiki-redbee-econotag.a(leds-arch.o)
                0x0040ab14                leds_arch_init
                0x0040ab1c                .real_start_ofleds_arch_init
 .text.uart2_isr
                0x0040ab60       0xc8 contiki-redbee-econotag.a(uart2.o)
                0x0040ab60                uart2_isr
                0x0040ab68                .real_start_ofuart2_isr
 .text          0x0040ac28      0x114 /home/muffin/redwire/arm-2008q3/bin/../lib/gcc/arm-none-eabi/4.3.2/libgcc.a(_udivsi3.o)
                0x0040ac28                __udivsi3
                0x0040ac28                __aeabi_uidiv
                0x0040ad1c                __aeabi_uidivmod
 .text          0x0040ad3c      0x148 /home/muffin/redwire/arm-2008q3/bin/../lib/gcc/arm-none-eabi/4.3.2/libgcc.a(_divsi3.o)
                0x0040ad3c                __aeabi_idiv
                0x0040ad3c                __divsi3
                0x0040ae64                __aeabi_idivmod
 .text          0x0040ae84        0x4 /home/muffin/redwire/arm-2008q3/bin/../lib/gcc/arm-none-eabi/4.3.2/libgcc.a(_dvmd_tls.o)
                0x0040ae84                __aeabi_ldiv0
                0x0040ae84                __aeabi_idiv0
 .text          0x0040ae88       0x3c /home/muffin/redwire/arm-2008q3/bin/../lib/gcc/arm-none-eabi/4.3.2/libgcc.a(_aeabi_uldivmod.o)
                0x0040ae88                __aeabi_uldivmod
 .text          0x0040aec4       0x80 /home/muffin/redwire/arm-2008q3/bin/../lib/gcc/arm-none-eabi/4.3.2/libgcc.a(bpabi.o)
                0x0040aec4                __gnu_uldivmod_helper
                0x0040af04                __gnu_ldivmod_helper
 .text          0x0040af44      0x56c /home/muffin/redwire/arm-2008q3/bin/../lib/gcc/arm-none-eabi/4.3.2/libgcc.a(_divdi3.o)
                0x0040af44                __divdi3
 .text          0x0040b4b0      0x4fc /home/muffin/redwire/arm-2008q3/bin/../lib/gcc/arm-none-eabi/4.3.2/libgcc.a(_udivdi3.o)
                0x0040b4b0                __udivdi3
 .text          0x0040b9ac       0xac /home/muffin/redwire/arm-2008q3/bin/../lib/gcc/arm-none-eabi/4.3.2/../../../../arm-none-eabi/lib/libc.a(lib_a-memcmp.o)
                0x0040b9ac                memcmp
 .text          0x0040ba58       0xfc /home/muffin/redwire/arm-2008q3/bin/../lib/gcc/arm-none-eabi/4.3.2/../../../../arm-none-eabi/lib/libc.a(lib_a-memcpy.o)
                0x0040ba58                memcpy
 .text          0x0040bb54      0x144 /home/muffin/redwire/arm-2008q3/bin/../lib/gcc/arm-none-eabi/4.3.2/../../../../arm-none-eabi/lib/libc.a(lib_a-memmove.o)
                0x0040bb54                memmove
 .text          0x0040bc98       0xd0 /home/muffin/redwire/arm-2008q3/bin/../lib/gcc/arm-none-eabi/4.3.2/../../../../arm-none-eabi/lib/libc.a(lib_a-memset.o)
                0x0040bc98                memset
 .text          0x0040bd68      0x134 /home/muffin/redwire/arm-2008q3/bin/../lib/gcc/arm-none-eabi/4.3.2/../../../../arm-none-eabi/lib/libc.a(lib_a-strchr.o)
                0x0040bd68                strchr
 .text          0x0040be9c       0xe8 /home/muffin/redwire/arm-2008q3/bin/../lib/gcc/arm-none-eabi/4.3.2/../../../../arm-none-eabi/lib/libc.a(lib_a-strcmp.o)
                0x0040be9c                strcmp
 .text          0x0040bf84       0x9c /home/muffin/redwire/arm-2008q3/bin/../lib/gcc/arm-none-eabi/4.3.2/../../../../arm-none-eabi/lib/libc.a(lib_a-strlen.o)
                0x0040bf84                strlen
 .text          0x0040c020      0x144 /home/muffin/redwire/arm-2008q3/bin/../lib/gcc/arm-none-eabi/4.3.2/../../../../arm-none-eabi/lib/libc.a(lib_a-strncmp.o)
                0x0040c020                strncmp
 *(.gnu.warning)
 *(.glue_7t)
 .glue_7t       0x0040c164        0x0 th-12.co
 .glue_7t       0x0040c164        0x0 obj_redbee-econotag/shell-th-12.o
 .glue_7t       0x0040c164        0x0 obj_redbee-econotag/sen.o
 .glue_7t       0x0040c164        0x0 obj_redbee-econotag/contiki-mc1322x-main.o
 .glue_7t       0x0040c164        0x0 obj_redbee-econotag/start.o
 .glue_7t       0x0040c164        0x0 contiki-redbee-econotag.a(rimeaddr.o)
 .glue_7t       0x0040c164        0x0 contiki-redbee-econotag.a(nullmac.o)
 .glue_7t       0x0040c164        0x0 contiki-redbee-econotag.a(nullrdc.o)
 .glue_7t       0x0040c164        0x0 contiki-redbee-econotag.a(mac.o)
 .glue_7t       0x0040c164        0x0 contiki-redbee-econotag.a(framer-802154.o)
 .glue_7t       0x0040c164        0x0 contiki-redbee-econotag.a(process.o)
 .glue_7t       0x0040c164        0x0 contiki-redbee-econotag.a(autostart.o)
 .glue_7t       0x0040c164        0x0 contiki-redbee-econotag.a(serial-line.o)
 .glue_7t       0x0040c164        0x0 contiki-redbee-econotag.a(etimer.o)
 .glue_7t       0x0040c164        0x0 contiki-redbee-econotag.a(ctimer.o)
 .glue_7t       0x0040c164        0x0 contiki-redbee-econotag.a(random.o)
 .glue_7t       0x0040c164        0x0 contiki-redbee-econotag.a(ringbuf.o)
 .glue_7t       0x0040c164        0x0 contiki-redbee-econotag.a(packetbuf.o)
 .glue_7t       0x0040c164        0x0 contiki-redbee-econotag.a(queuebuf.o)
 .glue_7t       0x0040c164        0x0 contiki-redbee-econotag.a(uip6.o)
 .glue_7t       0x0040c164        0x0 contiki-redbee-econotag.a(tcpip.o)
 .glue_7t       0x0040c164        0x0 contiki-redbee-econotag.a(uip-icmp6.o)
 .glue_7t       0x0040c164        0x0 contiki-redbee-econotag.a(uip-nd6.o)
 .glue_7t       0x0040c164        0x0 contiki-redbee-econotag.a(sicslowpan.o)
 .glue_7t       0x0040c164        0x0 contiki-redbee-econotag.a(neighbor-info.o)
 .glue_7t       0x0040c164        0x0 contiki-redbee-econotag.a(uip-ds6.o)
 .glue_7t       0x0040c164        0x0 contiki-redbee-econotag.a(serial-shell.o)
 .glue_7t       0x0040c164        0x0 contiki-redbee-econotag.a(shell.o)
 .glue_7t       0x0040c164        0x0 contiki-redbee-econotag.a(clock.o)
 .glue_7t       0x0040c164        0x0 contiki-redbee-econotag.a(button-sensor.o)
 .glue_7t       0x0040c164        0x0 contiki-redbee-econotag.a(sensors.o)
 .glue_7t       0x0040c164        0x0 contiki-redbee-econotag.a(watchdog.o)
 .glue_7t       0x0040c164        0x0 contiki-redbee-econotag.a(contiki-crm.o)
 .glue_7t       0x0040c164        0x0 contiki-redbee-econotag.a(contiki-maca.o)
 .glue_7t       0x0040c164        0x0 contiki-redbee-econotag.a(contiki-misc.o)
 .glue_7t       0x0040c164        0x0 contiki-redbee-econotag.a(leds.o)
 .glue_7t       0x0040c164        0x0 contiki-redbee-econotag.a(contiki-uart.o)
 .glue_7t       0x0040c164        0x0 contiki-redbee-econotag.a(dbg-printf.o)
 .glue_7t       0x0040c164        0x0 contiki-redbee-econotag.a(strformat.o)
 .glue_7t       0x0040c164        0x0 contiki-redbee-econotag.a(adc.o)
 .glue_7t       0x0040c164        0x0 contiki-redbee-econotag.a(gpio-util.o)
 .glue_7t       0x0040c164        0x0 contiki-redbee-econotag.a(maca.o)
 .glue_7t       0x0040c164        0x0 contiki-redbee-econotag.a(nvm.o)
 .glue_7t       0x0040c164        0x0 contiki-redbee-econotag.a(uart1.o)
 .glue_7t       0x0040c164        0x0 contiki-redbee-econotag.a(default_lowleve)
 .glue_7t       0x0040c164        0x0 contiki-redbee-econotag.a(isr.o)
 .glue_7t       0x0040c164        0x0 contiki-redbee-econotag.a(rpl-ext-header.)
 .glue_7t       0x0040c164        0x0 contiki-redbee-econotag.a(frame802154.o)
 .glue_7t       0x0040c164        0x0 contiki-redbee-econotag.a(rpl.o)
 .glue_7t       0x0040c164        0x0 contiki-redbee-econotag.a(rpl-dag.o)
 .glue_7t       0x0040c164        0x0 contiki-redbee-econotag.a(rpl-icmp6.o)
 .glue_7t       0x0040c164        0x0 contiki-redbee-econotag.a(rpl-timers.o)
 .glue_7t       0x0040c164        0x0 contiki-redbee-econotag.a(rpl-of-etx.o)
 .glue_7t       0x0040c164        0x0 contiki-redbee-econotag.a(memb.o)
 .glue_7t       0x0040c164        0x0 contiki-redbee-econotag.a(timer.o)
 .glue_7t       0x0040c164        0x0 contiki-redbee-econotag.a(list.o)
 .glue_7t       0x0040c164        0x0 contiki-redbee-econotag.a(stimer.o)
 .glue_7t       0x0040c164        0x0 contiki-redbee-econotag.a(neighbor-attr.o)
 .glue_7t       0x0040c164        0x0 contiki-redbee-econotag.a(debug-uart.o)
 .glue_7t       0x0040c164        0x0 contiki-redbee-econotag.a(leds-arch.o)
 .glue_7t       0x0040c164        0x0 contiki-redbee-econotag.a(uart2.o)
 .glue_7t       0x0040c164        0x0 /home/muffin/redwire/arm-2008q3/bin/../lib/gcc/arm-none-eabi/4.3.2/libgcc.a(_udivsi3.o)
 .glue_7t       0x0040c164        0x0 /home/muffin/redwire/arm-2008q3/bin/../lib/gcc/arm-none-eabi/4.3.2/libgcc.a(_divsi3.o)
 .glue_7t       0x0040c164        0x0 /home/muffin/redwire/arm-2008q3/bin/../lib/gcc/arm-none-eabi/4.3.2/libgcc.a(_dvmd_tls.o)
 .glue_7t       0x0040c164        0x0 /home/muffin/redwire/arm-2008q3/bin/../lib/gcc/arm-none-eabi/4.3.2/libgcc.a(_aeabi_uldivmod.o)
 .glue_7t       0x0040c164        0x0 /home/muffin/redwire/arm-2008q3/bin/../lib/gcc/arm-none-eabi/4.3.2/libgcc.a(bpabi.o)
 .glue_7t       0x0040c164        0x0 /home/muffin/redwire/arm-2008q3/bin/../lib/gcc/arm-none-eabi/4.3.2/libgcc.a(_divdi3.o)
 .glue_7t       0x0040c164        0x0 /home/muffin/redwire/arm-2008q3/bin/../lib/gcc/arm-none-eabi/4.3.2/libgcc.a(_udivdi3.o)
 .glue_7t       0x0040c164        0x0 /home/muffin/redwire/arm-2008q3/bin/../lib/gcc/arm-none-eabi/4.3.2/libgcc.a(_clz.o)
 .glue_7t       0x0040c164      0x5e8 /home/muffin/redwire/arm-2008q3/bin/../lib/gcc/arm-none-eabi/4.3.2/../../../../arm-none-eabi/lib/libc.a(lib_a-ctype_.o)
                0x0040c1f8                __set_power_change_to_arm
                0x0040c1e8                __uart1_init_change_to_arm
                0x0040c35c                __memb_inmemb_from_thumb
                0x0040c21c                __ctimer_init_from_thumb
                0x0040c6f8                __rpl_add_route_change_to_arm
                0x0040c484                __uip_unlisten_from_thumb
                0x0040c1b8                __process_post_change_to_arm
                0x0040c548                __rpl_ipv6_neighbor_callback_change_to_arm
                0x0040c56c                __shell_exit_from_thumb
                0x0040c5ec                __get_free_packet_from_thumb
                0x0040c5c4                __etimer_pending_from_thumb
                0x0040c26c                __rimeaddr_cmp_from_thumb
                0x0040c490                __uip_process_change_to_arm
                0x0040c488                __uip_unlisten_change_to_arm
                0x0040c33c                __etimer_stop_from_thumb
                0x0040c268                __process_run_change_to_arm
                0x0040c404                __uip_nd6_na_input_from_thumb
                0x0040c2b4                __memset_from_thumb
                0x0040c1c8                __process_start_change_to_arm
                0x0040c530                __clock_seconds_change_to_arm
                0x0040c3b8                __memb_init_change_to_arm
                0x0040c2f8                __ringbuf_put_change_to_arm
                0x0040c588                __strcmp_change_to_arm
                0x0040c4c8                __uip_ds6_defrt_rm_change_to_arm
                0x0040c1d0                __rimeaddr_copy_change_to_arm
                0x0040c338                __list_remove_change_to_arm
                0x0040c2bc                __random_rand_from_thumb
                0x0040c578                __process_is_running_change_to_arm
                0x0040c480                __rpl_init_change_to_arm
                0x0040c300                __process_poll_change_to_arm
                0x0040c414                __uip_icmp6_echo_request_input_from_thumb
                0x0040c640                __maca_rx_callback_change_to_arm
                0x0040c428                __uip_ds6_init_change_to_arm
                0x0040c5c8                __etimer_pending_change_to_arm
                0x0040c5f8                __tx_packet_change_to_arm
                0x0040c468                ____aeabi_uidiv_change_to_arm
                0x0040c5f4                __tx_packet_from_thumb
                0x0040c2b8                __memset_change_to_arm
                0x0040c6b0                __rpl_reset_dio_timer_change_to_arm
                0x0040c68c                __uip_ds6_route_rm_from_thumb
                0x0040c654                __rpl_find_parent_from_thumb
                0x0040c5a0                __shell_default_output_change_to_arm
                0x0040c524                __neighbor_attr_has_neighbor_from_thumb
                0x0040c294                __packetbuf_datalen_from_thumb
                0x0040c1b4                __process_post_from_thumb
                0x0040c2d4                __frame802154_create_from_thumb
                0x0040c330                __list_head_change_to_arm
                0x0040c70c                __uip_ds6_get_link_local_from_thumb
                0x0040c1a0                __etimer_set_change_to_arm
                0x0040c298                __packetbuf_datalen_change_to_arm
                0x0040c730                __rpl_get_any_dag_change_to_arm
                0x0040c494                __uip_ds6_periodic_from_thumb
                0x0040c6a0                __rpl_remove_routes_by_nexthop_change_to_arm
                0x0040c420                __uip_ds6_select_src_change_to_arm
                0x0040c3d8                __tcpip_uipcall_change_to_arm
                0x0040c284                __mac_call_sent_callback_from_thumb
                0x0040c2cc                __packetbuf_hdralloc_from_thumb
                0x0040c57c                __process_exit_from_thumb
                0x0040c738                __dis_output_change_to_arm
                0x0040c6b4                __rpl_remove_routes_from_thumb
                0x0040c340                __etimer_stop_change_to_arm
                0x0040c2e0                __process_alloc_event_change_to_arm
                0x0040c3d4                __tcpip_uipcall_from_thumb
                0x0040c718                __dio_output_change_to_arm
                0x0040c370                __packetbuf_attr_copyfrom_change_to_arm
                0x0040c6d0                __rpl_schedule_dao_change_to_arm
                0x0040c560                __strlen_change_to_arm
                0x0040c5d8                __etimer_request_poll_change_to_arm
                0x0040c3f8                __uip_ds6_is_addr_onlink_change_to_arm
                0x0040c234                ____aeabi_idiv_from_thumb
                0x0040c17c                __shell_th12_init_from_thumb
                0x0040c2e8                __ringbuf_get_change_to_arm
                0x0040c3b0                __packetbuf_attr_copyto_change_to_arm
                0x0040c5cc                __etimer_next_expiration_time_from_thumb
                0x0040c5a8                __strchr_change_to_arm
                0x0040c6ac                __rpl_reset_dio_timer_from_thumb
                0x0040c224                __memcpy_from_thumb
                0x0040c518                __neighbor_attr_add_neighbor_change_to_arm
                0x0040c400                __uip_nd6_ns_input_change_to_arm
                0x0040c580                __process_exit_change_to_arm
                0x0040c464                ____aeabi_uidiv_from_thumb
                0x0040c310                __timer_expired_change_to_arm
                0x0040c4fc                __queuebuf_free_from_thumb
                0x0040c6d8                __ctimer_stop_change_to_arm
                0x0040c748                __uart1_putc_change_to_arm
                0x0040c618                __format_str_v_change_to_arm
                0x0040c34c                __list_init_from_thumb
                0x0040c244                __uip_ds6_addr_add_from_thumb
                0x0040c45c                __uip_nd6_ns_output_from_thumb
                0x0040c328                __timer_set_change_to_arm
                0x0040c31c                __timer_reset_from_thumb
                0x0040c2ac                __packetbuf_hdrreduce_from_thumb
                0x0040c384                __packetbuf_is_reference_from_thumb
                0x0040c16c                __serial_line_init_from_thumb
                0x0040c188                __sen_init_change_to_arm
                0x0040c1dc                __rimeaddr_set_node_addr_from_thumb
                0x0040c2e4                __ringbuf_get_from_thumb
                0x0040c5b0                __strncmp_change_to_arm
                0x0040c4b0                __rpl_invert_header_change_to_arm
                0x0040c668                __neighbor_info_subscribe_change_to_arm
                0x0040c180                __shell_th12_init_change_to_arm
                0x0040c1e0                __rimeaddr_set_node_addr_change_to_arm
                0x0040c590                __list_push_change_to_arm
                0x0040c40c                __uip_rpl_input_from_thumb
                0x0040c174                __serial_shell_init_from_thumb
                0x0040c69c                __rpl_remove_routes_by_nexthop_from_thumb
                0x0040c740                __ctimer_reset_change_to_arm
                0x0040c4bc                __uip_ds6_defrt_lookup_from_thumb
                0x0040c43c                __uip_ds6_defrt_choose_from_thumb
                0x0040c698                __uip_ds6_addr_rm_change_to_arm
                0x0040c178                __serial_shell_init_change_to_arm
                0x0040c474                __uip_init_from_thumb
                0x0040c6dc                __list_item_next_from_thumb
                0x0040c28c                __queuebuf_to_packetbuf_from_thumb
                0x0040c53c                ____aeabi_uidivmod_from_thumb
                0x0040c680                __uip_ds6_route_rm_by_nexthop_change_to_arm
                0x0040c410                __uip_rpl_input_change_to_arm
                0x0040c470                __stimer_set_change_to_arm
                0x0040c210                __leds_init_change_to_arm
                0x0040c260                __uart1_getc_change_to_arm
                0x0040c398                __packetbuf_reference_ptr_change_to_arm
                0x0040c278                __packetbuf_hdrptr_change_to_arm
                0x0040c5bc                __adc_service_from_thumb
                0x0040c520                __neighbor_attr_get_data_change_to_arm
                0x0040c4c4                __uip_ds6_defrt_rm_from_thumb
                0x0040c6a4                __dao_output_from_thumb
                0x0040c48c                __uip_process_from_thumb
                0x0040c230                __queuebuf_init_change_to_arm
                0x0040c250                __autostart_start_change_to_arm
                0x0040c3c4                __uip_icmp6_error_output_from_thumb
                0x0040c254                __check_maca_from_thumb
                0x0040c3ec                __rpl_update_header_empty_from_thumb
                0x0040c444                __rpl_update_header_final_from_thumb
                0x0040c728                __rpl_recalculate_ranks_change_to_arm
                0x0040c218                __process_init_change_to_arm
                0x0040c3d0                __memmove_change_to_arm
                0x0040c570                __shell_exit_change_to_arm
                0x0040c5fc                __rx_packet_from_thumb
                0x0040c4ac                __rpl_invert_header_from_thumb
                0x0040c3b4                __memb_init_from_thumb
                0x0040c550                __stimer_expired_change_to_arm
                0x0040c18c                __printf_from_thumb
                0x0040c5a4                __strchr_from_thumb
                0x0040c6c4                __uip_ds6_defrt_add_from_thumb
                0x0040c1f4                __set_power_from_thumb
                0x0040c22c                __queuebuf_init_from_thumb
                0x0040c6cc                __rpl_schedule_dao_from_thumb
                0x0040c3e4                __uip_ds6_maddr_lookup_from_thumb
                0x0040c5dc                __adc_init_from_thumb
                0x0040c5b8                __shell_prompt_change_to_arm
                0x0040c2b0                __packetbuf_hdrreduce_change_to_arm
                0x0040c2f4                __ringbuf_put_from_thumb
                0x0040c308                __clock_time_change_to_arm
                0x0040c424                __uip_ds6_init_from_thumb
                0x0040c554                __shell_init_from_thumb
                0x0040c5e4                __sensors_changed_from_thumb
                0x0040c3e0                __uip_ds6_addr_lookup_change_to_arm
                0x0040c2a0                __packetbuf_dataptr_change_to_arm
                0x0040c4b8                __uip_htonl_change_to_arm
                0x0040c20c                __leds_init_from_thumb
                0x0040c538                __neighbor_attr_set_data_change_to_arm
                0x0040c4f8                __queuebuf_new_from_packetbuf_change_to_arm
                0x0040c6c8                __uip_ds6_defrt_add_change_to_arm
                0x0040c594                __list_insert_from_thumb
                0x0040c6a8                __dao_output_change_to_arm
                0x0040c438                __uip_ds6_route_lookup_change_to_arm
                0x0040c184                __sen_init_from_thumb
                0x0040c258                __check_maca_change_to_arm
                0x0040c500                __queuebuf_free_change_to_arm
                0x0040c1e4                __uart1_init_from_thumb
                0x0040c324                __timer_set_from_thumb
                0x0040c6e0                __list_item_next_change_to_arm
                0x0040c4d0                __neighbor_info_packet_received_change_to_arm
                0x0040c4dc                __tcpip_set_outputfunc_from_thumb
                0x0040c58c                __list_push_from_thumb
                0x0040c3e8                __uip_ds6_maddr_lookup_change_to_arm
                0x0040c5f0                __get_free_packet_change_to_arm
                0x0040c4ec                __packetbuf_set_datalen_from_thumb
                0x0040c448                __rpl_update_header_final_change_to_arm
                0x0040c65c                __rpl_reset_periodic_timer_from_thumb
                0x0040c288                __mac_call_sent_callback_change_to_arm
                0x0040c200                __cal_ring_osc_change_to_arm
                0x0040c430                __process_post_synch_change_to_arm
                0x0040c50c                __neighbor_attr_register_from_thumb
                0x0040c1fc                __cal_ring_osc_from_thumb
                0x0040c700                __etimer_expiration_time_change_to_arm
                0x0040c374                __packetbuf_clear_from_thumb
                0x0040c61c                __dbg_send_bytes_from_thumb
                0x0040c240                __uip_ds6_set_addr_iid_change_to_arm
                0x0040c334                __list_remove_from_thumb
                0x0040c658                __rpl_find_parent_change_to_arm
                0x0040c19c                __etimer_set_from_thumb
                0x0040c24c                __autostart_start_from_thumb
                0x0040c5b4                __shell_prompt_from_thumb
                0x0040c2c0                __random_rand_change_to_arm
                0x0040c4a0                __uip_icmp6chksum_change_to_arm
                0x0040c2a8                __frame802154_parse_change_to_arm
                0x0040c5d0                __etimer_next_expiration_time_change_to_arm
                0x0040c220                __ctimer_init_change_to_arm
                0x0040c670                __uip_ds6_maddr_add_change_to_arm
                0x0040c5d4                __etimer_request_poll_from_thumb
                0x0040c394                __packetbuf_reference_ptr_from_thumb
                0x0040c360                __memb_inmemb_change_to_arm
                0x0040c3cc                __memmove_from_thumb
                0x0040c674                __rpl_find_parent_any_dag_from_thumb
                0x0040c204                __clock_init_from_thumb
                0x0040c504                __neighbor_info_packet_sent_from_thumb
                0x0040c4a4                __tcpip_ipv6_output_from_thumb
                0x0040c42c                __process_post_synch_from_thumb
                0x0040c318                __timer_restart_change_to_arm
                0x0040c1f0                __set_channel_change_to_arm
                0x0040c3dc                __uip_ds6_addr_lookup_from_thumb
                0x0040c44c                __uip_ds6_nbr_lookup_from_thumb
                0x0040c704                __ctimer_set_from_thumb
                0x0040c168                __uart1_set_input_change_to_arm
                0x0040c604                __free_packet_from_thumb
                0x0040c598                __list_insert_change_to_arm
                0x0040c574                __process_is_running_from_thumb
                0x0040c164                __uart1_set_input_from_thumb
                0x0040c320                __timer_reset_change_to_arm
                0x0040c5c0                __adc_service_change_to_arm
                0x0040c5e0                __adc_init_change_to_arm
                0x0040c3c8                __uip_icmp6_error_output_change_to_arm
                0x0040c72c                __rpl_get_any_dag_from_thumb
                0x0040c25c                __uart1_getc_from_thumb
                0x0040c4e8                __watchdog_periodic_change_to_arm
                0x0040c388                __packetbuf_is_reference_change_to_arm
                0x0040c5e8                __sensors_changed_change_to_arm
                0x0040c6f4                __rpl_add_route_from_thumb
                0x0040c630                __gpio_select_function_change_to_arm
                0x0040c514                __neighbor_attr_add_neighbor_from_thumb
                0x0040c390                __memb_alloc_change_to_arm
                0x0040c1c4                __process_start_from_thumb
                0x0040c478                __uip_init_change_to_arm
                0x0040c624                ____aeabi_uldivmod_from_thumb
                0x0040c6ec                __rpl_process_dio_from_thumb
                0x0040c644                __maca_tx_callback_from_thumb
                0x0040c36c                __packetbuf_attr_copyfrom_from_thumb
                0x0040c344                __list_add_from_thumb
                0x0040c460                __uip_nd6_ns_output_change_to_arm
                0x0040c3f4                __uip_ds6_is_addr_onlink_from_thumb
                0x0040c508                __neighbor_info_packet_sent_change_to_arm
                0x0040c1a8                __etimer_expired_change_to_arm
                0x0040c724                __rpl_recalculate_ranks_from_thumb
                0x0040c2f0                __ringbuf_init_change_to_arm
                0x0040c544                __rpl_ipv6_neighbor_callback_from_thumb
                0x0040c678                __rpl_find_parent_any_dag_change_to_arm
                0x0040c3a8                __packetbuf_copyto_change_to_arm
                0x0040c540                ____aeabi_uidivmod_change_to_arm
                0x0040c64c                __rpl_get_instance_from_thumb
                0x0040c440                __uip_ds6_defrt_choose_change_to_arm
                0x0040c434                __uip_ds6_route_lookup_from_thumb
                0x0040c714                __dio_output_from_thumb
                0x0040c62c                __gpio_select_function_from_thumb